<?xml version="1.0" encoding="utf-8"?>
<testsuites><testsuite name="django.contrib.auth.tests.auth_backends.AnonymousUserBackendTest"><testcase classname="django.contrib.auth.tests.auth_backends.AnonymousUserBackendTest" name="test_get_all_permissions" time="0.000460"></testcase><testcase classname="django.contrib.auth.tests.auth_backends.AnonymousUserBackendTest" name="test_has_module_perms" time="0.000115"></testcase><testcase classname="django.contrib.auth.tests.auth_backends.AnonymousUserBackendTest" name="test_has_perm" time="0.000107"></testcase><testcase classname="django.contrib.auth.tests.auth_backends.AnonymousUserBackendTest" name="test_has_perms" time="0.000122"></testcase></testsuite><testsuite name="django.contrib.auth.tests.context_processors.AuthContextProcessorTests"><testcase classname="django.contrib.auth.tests.context_processors.AuthContextProcessorTests" name="test_message_attrs" time="0.113495"></testcase><testcase classname="django.contrib.auth.tests.context_processors.AuthContextProcessorTests" name="test_perms_attrs" time="0.100336"></testcase><testcase classname="django.contrib.auth.tests.context_processors.AuthContextProcessorTests" name="test_session_is_accessed" time="0.002653"></testcase><testcase classname="django.contrib.auth.tests.context_processors.AuthContextProcessorTests" name="test_session_not_accessed" time="0.002325"></testcase><testcase classname="django.contrib.auth.tests.context_processors.AuthContextProcessorTests" name="test_user_attrs" time="0.193701"></testcase></testsuite><testsuite name="django.contrib.auth.tests.views.AuthViewNamedURLTests"><testcase classname="django.contrib.auth.tests.views.AuthViewNamedURLTests" name="test_named_urls" time="0.003061"></testcase></testsuite><testsuite name="django.contrib.auth.tests.forms.AuthenticationFormTest"><testcase classname="django.contrib.auth.tests.forms.AuthenticationFormTest" name="test_inactive_user" time="0.089556"></testcase><testcase classname="django.contrib.auth.tests.forms.AuthenticationFormTest" name="test_inactive_user_i18n" time="0.125258"></testcase><testcase classname="django.contrib.auth.tests.forms.AuthenticationFormTest" name="test_invalid_username" time="0.001984"></testcase><testcase classname="django.contrib.auth.tests.forms.AuthenticationFormTest" name="test_success" time="0.089445"></testcase></testsuite><testsuite name="django.contrib.auth.tests.auth_backends.BackendTest"><testcase classname="django.contrib.auth.tests.auth_backends.BackendTest" name="test_custom_perms" time="0.212571"></testcase><testcase classname="django.contrib.auth.tests.auth_backends.BackendTest" name="test_get_all_superuser_permissions" time="0.187124"></testcase></testsuite></testsuites>